I'm sorry, but errors were detected in your script. Please correct the
errors listed below, and try again.


File "game/script.rpy", line 184: expected statement.
    mc1 happy at right with moveinleft
              ^

Ren'Py Version: Ren'Py 8.1.1.23060707
Mon Aug  7 01:37:03 2023
